[INFO] Scanning for projects...
[INFO] ------------------------------------------------------------------------
[INFO] Reactor Build Order:
[INFO] 
[INFO] iot-video                                                          [pom]
[INFO] iot-video-api                                                      [jar]
[INFO] iot-video-biz                                                      [jar]
[INFO] 
[INFO] ---------------------< com.basiclab.iot:iot-video >---------------------
[INFO] Building iot-video 1.0.0                                           [1/3]
[INFO]   from pom.xml
[INFO] --------------------------------[ pom ]---------------------------------
[INFO] 
[INFO] --- flatten:1.5.0:flatten (flatten) @ iot-video ---
[INFO] Generating flattened POM of project com.basiclab.iot:iot-video:pom:1.0.0...
[INFO] 
[INFO] -------------------< com.basiclab.iot:iot-video-api >-------------------
[INFO] Building iot-video-api 1.0.0                                       [2/3]
[INFO]   from iot-video-api\pom.xml
[INFO] --------------------------------[ jar ]---------------------------------
[INFO] 
[INFO] --- resources:3.4.0:resources (default-resources) @ iot-video-api ---
[INFO] skip non existing resourceDirectory F:\acme\.worktrees\video-java\DEVICE\iot-video\iot-video-api\src\main\resources
[INFO] 
[INFO] --- flatten:1.5.0:flatten (flatten) @ iot-video-api ---
[INFO] Generating flattened POM of project com.basiclab.iot:iot-video-api:jar:1.0.0...
[INFO] 
[INFO] --- compiler:3.14.0:compile (default-compile) @ iot-video-api ---
[INFO] Nothing to compile - all classes are up to date.
[INFO] 
[INFO] --- resources:3.4.0:testResources (default-testResources) @ iot-video-api ---
[INFO] skip non existing resourceDirectory F:\acme\.worktrees\video-java\DEVICE\iot-video\iot-video-api\src\test\resources
[INFO] 
[INFO] --- compiler:3.14.0:testCompile (default-testCompile) @ iot-video-api ---
[INFO] No sources to compile
[INFO] 
[INFO] --- surefire:3.0.0-M5:test (default-test) @ iot-video-api ---
[INFO] Tests are skipped.
[INFO] 
[INFO] --- jar:3.5.0:jar (default-jar) @ iot-video-api ---
[INFO] Building jar: F:\acme\.worktrees\video-java\DEVICE\iot-video\iot-video-api\target\iot-video-api-1.0.0.jar
[INFO] 
[INFO] -------------------< com.basiclab.iot:iot-video-biz >-------------------
[INFO] Building iot-video-biz 1.0.0                                       [3/3]
[INFO]   from iot-video-biz\pom.xml
[INFO] --------------------------------[ jar ]---------------------------------
[INFO] 
[INFO] --- resources:3.4.0:resources (default-resources) @ iot-video-biz ---
[INFO] Copying 13 resources from src\main\resources to target\classes
[INFO] 
[INFO] --- flatten:1.5.0:flatten (flatten) @ iot-video-biz ---
[INFO] Generating flattened POM of project com.basiclab.iot:iot-video-biz:jar:1.0.0...
[INFO] 
[INFO] --- compiler:3.14.0:compile (default-compile) @ iot-video-biz ---
[INFO] Recompiling the module because of changed source code.
[INFO] Compiling 201 source files with javac [debug target 21] to target\classes
[INFO] /F:/acme/.worktrees/video-java/DEVICE/iot-video/iot-video-biz/src/main/java/com/basiclab/iot/video/controller/AlgorithmTaskController.java: 某些输入文件使用了未经检查或不安全的操作。
[INFO] /F:/acme/.worktrees/video-java/DEVICE/iot-video/iot-video-biz/src/main/java/com/basiclab/iot/video/controller/AlgorithmTaskController.java: 有关详细信息, 请使用 -Xlint:unchecked 重新编译。
[INFO] 
[INFO] --- resources:3.4.0:testResources (default-testResources) @ iot-video-biz ---
[INFO] skip non existing resourceDirectory F:\acme\.worktrees\video-java\DEVICE\iot-video\iot-video-biz\src\test\resources
[INFO] 
[INFO] --- compiler:3.14.0:testCompile (default-testCompile) @ iot-video-biz ---
[INFO] Recompiling the module because of changed dependency.
[INFO] 
[INFO] --- surefire:3.0.0-M5:test (default-test) @ iot-video-biz ---
[INFO] Tests are skipped.
[INFO] 
[INFO] --- jar:3.5.0:jar (default-jar) @ iot-video-biz ---
[INFO] Building jar: F:\acme\.worktrees\video-java\DEVICE\iot-video\iot-video-biz\target\iot-video-biz.jar
[INFO] 
[INFO] --- spring-boot:2.7.18:repackage (default) @ iot-video-biz ---
[INFO] Replacing main artifact with repackaged archive
[INFO] ------------------------------------------------------------------------
[INFO] Reactor Summary for iot-video 1.0.0:
[INFO] 
[INFO] iot-video .......................................... SUCCESS [  2.516 s]
[INFO] iot-video-api ...................................... SUCCESS [  9.473 s]
[INFO] iot-video-biz ...................................... SUCCESS [ 46.248 s]
[INFO] ------------------------------------------------------------------------
[INFO] BUILD SUCCESS
[INFO] ------------------------------------------------------------------------
[INFO] Total time:  01:00 min
[INFO] Finished at: 2026-08-11T23:39:41+08:00
[INFO] ------------------------------------------------------------------------
